Performing system checks...

System check identified no issues (0 silenced).
June 13, 2026 - 20:54:44
Django version 4.2.30, using settings 'secure_file_sharing.settings'
Starting development server at http://127.0.0.1:8010/
Quit the server with CTRL-BREAK.

Performing system checks...

System check identified no issues (0 silenced).
June 13, 2026 - 21:18:04
Django version 4.2.30, using settings 'secure_file_sharing.settings'
Starting development server at http://127.0.0.1:8010/
Quit the server with CTRL-BREAK.

Performing system checks...

System check identified no issues (0 silenced).
June 13, 2026 - 21:18:12
Django version 4.2.30, using settings 'secure_file_sharing.settings'
Starting development server at http://127.0.0.1:8010/
Quit the server with CTRL-BREAK.

Performing system checks...

System check identified no issues (0 silenced).
June 13, 2026 - 21:18:20
Django version 4.2.30, using settings 'secure_file_sharing.settings'
Starting development server at http://127.0.0.1:8010/
Quit the server with CTRL-BREAK.

Performing system checks...

System check identified no issues (0 silenced).
June 13, 2026 - 21:18:35
Django version 4.2.30, using settings 'secure_file_sharing.settings'
Starting development server at http://127.0.0.1:8010/
Quit the server with CTRL-BREAK.

Performing system checks...

System check identified no issues (0 silenced).
June 13, 2026 - 21:18:40
Django version 4.2.30, using settings 'secure_file_sharing.settings'
Starting development server at http://127.0.0.1:8010/
Quit the server with CTRL-BREAK.

Performing system checks...

System check identified no issues (0 silenced).
June 13, 2026 - 21:19:20
Django version 4.2.30, using settings 'secure_file_sharing.settings'
Starting development server at http://127.0.0.1:8010/
Quit the server with CTRL-BREAK.

Performing system checks...

System check identified no issues (0 silenced).
June 13, 2026 - 21:20:01
Django version 4.2.30, using settings 'secure_file_sharing.settings'
Starting development server at http://127.0.0.1:8010/
Quit the server with CTRL-BREAK.

Performing system checks...

System check identified no issues (0 silenced).
June 13, 2026 - 21:20:13
Django version 4.2.30, using settings 'secure_file_sharing.settings'
Starting development server at http://127.0.0.1:8010/
Quit the server with CTRL-BREAK.

Performing system checks...

System check identified no issues (0 silenced).
June 13, 2026 - 21:21:52
Django version 4.2.30, using settings 'secure_file_sharing.settings'
Starting development server at http://127.0.0.1:8010/
Quit the server with CTRL-BREAK.

Performing system checks...

System check identified no issues (0 silenced).
June 13, 2026 - 21:33:39
Django version 4.2.30, using settings 'secure_file_sharing.settings'
Starting development server at http://127.0.0.1:8010/
Quit the server with CTRL-BREAK.

Performing system checks...

System check identified no issues (0 silenced).
June 13, 2026 - 21:33:53
Django version 4.2.30, using settings 'secure_file_sharing.settings'
Starting development server at http://127.0.0.1:8010/
Quit the server with CTRL-BREAK.

Performing system checks...

System check identified no issues (0 silenced).
June 13, 2026 - 21:34:10
Django version 4.2.30, using settings 'secure_file_sharing.settings'
Starting development server at http://127.0.0.1:8010/
Quit the server with CTRL-BREAK.

Performing system checks...

System check identified no issues (0 silenced).
June 13, 2026 - 21:34:48
Django version 4.2.30, using settings 'secure_file_sharing.settings'
Starting development server at http://127.0.0.1:8010/
Quit the server with CTRL-BREAK.

